<?php return array (
  0 => 'Symfony\\Bundle\\FrameworkBundle\\Controller\\AbstractController',
  1 => 'App\\Controller\\AccountAddressController',
  2 => 'App\\Controller\\AccountController',
  3 => 'App\\Controller\\AccountOrderController',
  4 => 'App\\Controller\\AccountPasswordController',
  5 => 'App\\Controller\\Admin\\CarrierCrudController',
  6 => 'App\\Controller\\Admin\\CategoryCrudController',
  7 => 'App\\Controller\\Admin\\DashboardController',
  8 => 'App\\Controller\\Admin\\HeaderCrudController',
  9 => 'App\\Controller\\Admin\\OrderCrudController',
  10 => 'App\\Controller\\Admin\\ProductCrudController',
  11 => 'App\\Controller\\Admin\\UserCrudController',
  12 => 'App\\Controller\\CartController',
  13 => 'App\\Controller\\HomeController',
  14 => 'App\\Controller\\OrderCancelController',
  15 => 'App\\Controller\\OrderController',
  16 => 'App\\Controller\\OrderSuccessController',
  17 => 'App\\Controller\\ProductController',
  18 => 'App\\Controller\\RegisterController',
  19 => 'App\\Controller\\ResetPasswordController',
  20 => 'App\\Controller\\SecurityController',
  21 => 'App\\Controller\\StripeController',
  22 => 'App\\Entity\\Adress',
  23 => 'App\\Entity\\Carrier',
  24 => 'App\\Entity\\Category',
  25 => 'App\\Entity\\Header',
  26 => 'App\\Entity\\Order',
  27 => 'App\\Entity\\OrderDetails',
  28 => 'App\\Entity\\Product',
  29 => 'App\\Entity\\ResetPassword',
  30 => 'App\\Entity\\User',
  31 => 'Doctrine\\Bundle\\DoctrineBundle\\Controller\\ProfilerController',
  32 => 'Doctrine\\ORM\\Cache\\Persister\\Entity\\AbstractEntityPersister',
  33 => 'Doctrine\\ORM\\Cache\\Persister\\Entity\\CachedEntityPersister',
  34 => 'Doctrine\\ORM\\Cache\\Persister\\Entity\\NonStrictReadWriteCachedEntityPersister',
  35 => 'Doctrine\\ORM\\Cache\\Persister\\Entity\\ReadOnlyCachedEntityPersister',
  36 => 'Doctrine\\ORM\\Cache\\Persister\\Entity\\ReadWriteCachedEntityPersister',
  37 => 'Doctrine\\ORM\\Persisters\\Entity\\AbstractEntityInheritancePersister',
  38 => 'Doctrine\\ORM\\Persisters\\Entity\\BasicEntityPersister',
  39 => 'Doctrine\\ORM\\Persisters\\Entity\\CachedPersisterContext',
  40 => 'Doctrine\\ORM\\Persisters\\Entity\\EntityPersister',
  41 => 'Doctrine\\ORM\\Persisters\\Entity\\JoinedSubclassPersister',
  42 => 'Doctrine\\ORM\\Persisters\\Entity\\SingleTablePersister',
  43 => 'EasyCorp\\Bundle\\EasyAdminBundle\\Contracts\\Controller\\CrudControllerInterface',
  44 => 'EasyCorp\\Bundle\\EasyAdminBundle\\Contracts\\Controller\\DashboardControllerInterface',
  45 => 'EasyCorp\\Bundle\\EasyAdminBundle\\Controller\\AbstractCrudController',
  46 => 'EasyCorp\\Bundle\\EasyAdminBundle\\Controller\\AbstractDashboardController',
  47 => 'EasyCorp\\Bundle\\EasyAdminBundle\\Controller\\EasyAdminController',
  48 => 'Gedmo\\Loggable\\Entity\\LogEntry',
  49 => 'Gedmo\\Loggable\\Entity\\MappedSuperclass\\AbstractLogEntry',
  50 => 'Gedmo\\Loggable\\Entity\\Repository\\LogEntryRepository',
  51 => 'Gedmo\\Sortable\\Entity\\Repository\\SortableRepository',
  52 => 'Gedmo\\Translatable\\Entity\\MappedSuperclass\\AbstractPersonalTranslation',
  53 => 'Gedmo\\Translatable\\Entity\\MappedSuperclass\\AbstractTranslation',
  54 => 'Gedmo\\Translatable\\Entity\\Repository\\TranslationRepository',
  55 => 'Gedmo\\Translatable\\Entity\\Translation',
  56 => 'Gedmo\\Translator\\Entity\\Translation',
  57 => 'Gedmo\\Tree\\Entity\\MappedSuperclass\\AbstractClosure',
  58 => 'Gedmo\\Tree\\Entity\\Repository\\AbstractTreeRepository',
  59 => 'Gedmo\\Tree\\Entity\\Repository\\ClosureTreeRepository',
  60 => 'Gedmo\\Tree\\Entity\\Repository\\MaterializedPathRepository',
  61 => 'Gedmo\\Tree\\Entity\\Repository\\NestedTreeRepository',
  63 => 'Symfony\\Bundle\\FrameworkBundle\\Controller\\ControllerResolver',
  64 => 'Symfony\\Bundle\\FrameworkBundle\\Controller\\RedirectController',
  65 => 'Symfony\\Bundle\\FrameworkBundle\\Controller\\TemplateController',
  66 => 'Symfony\\Bundle\\WebProfilerBundle\\Controller\\ExceptionPanelController',
  67 => 'Symfony\\Bundle\\WebProfilerBundle\\Controller\\ProfilerController',
  68 => 'Symfony\\Bundle\\WebProfilerBundle\\Controller\\RouterController',
  69 => 'Symfony\\Component\\HttpKernel\\Controller\\ArgumentResolver',
  70 => 'Symfony\\Component\\HttpKernel\\Controller\\ArgumentResolverInterface',
  71 => 'Symfony\\Component\\HttpKernel\\Controller\\ArgumentResolver\\DefaultValueResolver',
  72 => 'Symfony\\Component\\HttpKernel\\Controller\\ArgumentResolver\\NotTaggedControllerValueResolver',
  73 => 'Symfony\\Component\\HttpKernel\\Controller\\ArgumentResolver\\RequestAttributeValueResolver',
  74 => 'Symfony\\Component\\HttpKernel\\Controller\\ArgumentResolver\\RequestValueResolver',
  75 => 'Symfony\\Component\\HttpKernel\\Controller\\ArgumentResolver\\ServiceValueResolver',
  76 => 'Symfony\\Component\\HttpKernel\\Controller\\ArgumentResolver\\SessionValueResolver',
  77 => 'Symfony\\Component\\HttpKernel\\Controller\\ArgumentResolver\\TraceableValueResolver',
  78 => 'Symfony\\Component\\HttpKernel\\Controller\\ArgumentResolver\\VariadicValueResolver',
  79 => 'Symfony\\Component\\HttpKernel\\Controller\\ArgumentValueResolverInterface',
  80 => 'Symfony\\Component\\HttpKernel\\Controller\\ContainerControllerResolver',
  81 => 'Symfony\\Component\\HttpKernel\\Controller\\ControllerReference',
  82 => 'Symfony\\Component\\HttpKernel\\Controller\\ControllerResolver',
  83 => 'Symfony\\Component\\HttpKernel\\Controller\\ControllerResolverInterface',
  84 => 'Symfony\\Component\\HttpKernel\\Controller\\ErrorController',
  85 => 'Symfony\\Component\\HttpKernel\\Controller\\TraceableArgumentResolver',
  86 => 'Symfony\\Component\\HttpKernel\\Controller\\TraceableControllerResolver',
  87 => 'Symfony\\Component\\Security\\Http\\Controller\\UserValueResolver',
);